#include <stdio.h>
int main (int argc, char *argv[])
{
 
 
 
    int is;  
    int  ms;  
    double ds;  
    int a='//';
    printf("%d\n",a);
    char b='"'; 
    double dm;   float fs;  
    float  fm;
    char cs[] = "aaa // /***/";
    char cm1[] =  "hello*/";
    char cm2[] = "/*redraiment" ;
     
    return 0;
}
